SQL> 
SQL> /****************
SQL> * TABELA OSOBY *
SQL> ****************/
SQL> -- unikalność kolumny id_osoby (klucz główny)
SQL> INSERT INTO osoby (id_osoby, email, nazwisko, imie, telefon, pesel, nr_karty_stalego_klienta)
  2      VALUES (2000, 'test1@mail.com', 'test1', 'test1', '0123456789', '01234567891', '0123456789123');

1 row inserted.

SQL> INSERT INTO osoby (id_osoby, email, nazwisko, imie)
  2      VALUES (2000, 'test2@mail.com', 'test2', 'test2');

Error starting at line : 12 in command -
INSERT INTO osoby (id_osoby, email, nazwisko, imie)
    VALUES (2000, 'test2@mail.com', 'test2', 'test2')
Error report -
ORA-00001: naruszono więzy unikatowe (BD2C070.OSB_PK)

SQL> 
SQL> -- unikalność kolumny email
SQL> INSERT INTO osoby (id_osoby, email, nazwisko, imie)
  2      VALUES (2001, 'test1@mail.com', 'test2', 'test2');

Error starting at line : 16 in command -
INSERT INTO osoby (id_osoby, email, nazwisko, imie)
    VALUES (2001, 'test1@mail.com', 'test2', 'test2')
Error report -
ORA-00001: naruszono więzy unikatowe (BD2C070.OSB_EMAIL_UK)

SQL> 
SQL> -- unikalność kolumny telefon
SQL> INSERT INTO osoby (id_osoby, email, nazwisko, imie, telefon)
  2      VALUES (2001, 'test2@mail.com', 'test2', 'test2', '0123456789');

Error starting at line : 20 in command -
INSERT INTO osoby (id_osoby, email, nazwisko, imie, telefon)
    VALUES (2001, 'test2@mail.com', 'test2', 'test2', '0123456789')
Error report -
ORA-00001: naruszono więzy unikatowe (BD2C070.OSB_TELEFON_UK)

SQL> 
SQL> -- unikalność kolumny pesel
SQL> INSERT INTO osoby (id_osoby, email, nazwisko, imie, pesel)
  2      VALUES (2001, 'test2@mail.com', 'test2', 'test2', '01234567891');

Error starting at line : 24 in command -
INSERT INTO osoby (id_osoby, email, nazwisko, imie, pesel)
    VALUES (2001, 'test2@mail.com', 'test2', 'test2', '01234567891')
Error report -
ORA-00001: naruszono więzy unikatowe (BD2C070.OSB_PESEL_UK)

SQL> 
SQL> -- unikalność kolumny nr_karty_stalego_klienta
SQL> INSERT INTO osoby (id_osoby, email, nazwisko, imie, nr_karty_stalego_klienta)
  2      VALUES (2001, 'test2@mail.com', 'test2', 'test2', '0123456789123');

Error starting at line : 28 in command -
INSERT INTO osoby (id_osoby, email, nazwisko, imie, nr_karty_stalego_klienta)
    VALUES (2001, 'test2@mail.com', 'test2', 'test2', '0123456789123')
Error report -
ORA-00001: naruszono więzy unikatowe (BD2C070.OSB_N_KARTY_UK)

SQL> 
SQL> -- pesel składa się tylko z cyfr
SQL> INSERT INTO osoby (id_osoby, email, nazwisko, imie, pesel)
  2      VALUES (2001, 'test2@mail.com', 'test2', 'test2', '012345a7891');

Error starting at line : 32 in command -
INSERT INTO osoby (id_osoby, email, nazwisko, imie, pesel)
    VALUES (2001, 'test2@mail.com', 'test2', 'test2', '012345a7891')
Error report -
ORA-02290: naruszono więzy CHECK (BD2C070.OSB_PESEL_CHK)

SQL> 
SQL> -- pesel musi mieć dokładnie 11 znaków
SQL> INSERT INTO osoby (id_osoby, email, nazwisko, imie, pesel)
  2      VALUES (2001, 'test2@mail.com', 'test2', 'test2', '012345678912');

Error starting at line : 36 in command -
INSERT INTO osoby (id_osoby, email, nazwisko, imie, pesel)
    VALUES (2001, 'test2@mail.com', 'test2', 'test2', '012345678912')
Error report -
ORA-12899: wartość zbyt duża dla kolumny "BD2C070"."OSOBY"."PESEL" (obecna: 12, maksymalna: 11)

SQL> INSERT INTO osoby (id_osoby, email, nazwisko, imie, pesel)
  2      VALUES (2001, 'test2@mail.com', 'test2', 'test2', '0123456789');

Error starting at line : 38 in command -
INSERT INTO osoby (id_osoby, email, nazwisko, imie, pesel)
    VALUES (2001, 'test2@mail.com', 'test2', 'test2', '0123456789')
Error report -
ORA-02290: naruszono więzy CHECK (BD2C070.OSB_PESEL_CHK)

SQL> 
SQL> -- nr_karty_stalego_klienta składa się tylko z cyfr
SQL> INSERT INTO osoby (id_osoby, email, nazwisko, imie, nr_karty_stalego_klienta)
  2      VALUES (2001, 'test2@mail.com', 'test2', 'test2', '012345a789123');

Error starting at line : 42 in command -
INSERT INTO osoby (id_osoby, email, nazwisko, imie, nr_karty_stalego_klienta)
    VALUES (2001, 'test2@mail.com', 'test2', 'test2', '012345a789123')
Error report -
ORA-02290: naruszono więzy CHECK (BD2C070.OSB_N_KARTY_CHK)

SQL> 
SQL> -- nr_karty_stalego_klienta musi mieć dokładnie 13 znaków
SQL> INSERT INTO osoby (id_osoby, email, nazwisko, imie, nr_karty_stalego_klienta)
  2      VALUES (2001, 'test2@mail.com', 'test2', 'test2', '01234567891234');

Error starting at line : 46 in command -
INSERT INTO osoby (id_osoby, email, nazwisko, imie, nr_karty_stalego_klienta)
    VALUES (2001, 'test2@mail.com', 'test2', 'test2', '01234567891234')
Error report -
ORA-12899: wartość zbyt duża dla kolumny "BD2C070"."OSOBY"."NR_KARTY_STALEGO_KLIENTA" (obecna: 14, maksymalna: 13)

SQL> INSERT INTO osoby (id_osoby, email, nazwisko, imie, nr_karty_stalego_klienta)
  2      VALUES (2001, 'test2@mail.com', 'test2', 'test2', '012345678912');

Error starting at line : 48 in command -
INSERT INTO osoby (id_osoby, email, nazwisko, imie, nr_karty_stalego_klienta)
    VALUES (2001, 'test2@mail.com', 'test2', 'test2', '012345678912')
Error report -
ORA-02290: naruszono więzy CHECK (BD2C070.OSB_N_KARTY_CHK)

SQL> 
SQL> /**********************
SQL> * TABELA TYPY_ANKIET *
SQL> **********************/
SQL> -- unikalność kolumny kod_typu_ankiety (klucz główny)
SQL> INSERT INTO typy_ankiet VALUES ('TEST1', 'TEST1', NULL);

1 row inserted.

SQL> INSERT INTO typy_ankiet VALUES ('TEST1', 'TEST2', NULL);

Error starting at line : 56 in command -
INSERT INTO typy_ankiet VALUES ('TEST1', 'TEST2', NULL)
Error report -
ORA-00001: naruszono więzy unikatowe (BD2C070.TANK_PK)

SQL> 
SQL> /******************
SQL> * TABELA PYTANIA *
SQL> ******************/
SQL> -- unikalność kolumn kod_typu_ankiety i nr_pytania (klucz główny)
SQL> INSERT INTO pytania VALUES ('TEST1', 1, 'TEST1', 1, NULL);

1 row inserted.

SQL> -- źle
SQL> INSERT INTO pytania VALUES ('TEST1', 1, 'TEST2', 1, NULL);

Error starting at line : 64 in command -
INSERT INTO pytania VALUES ('TEST1', 1, 'TEST2', 1, NULL)
Error report -
ORA-00001: naruszono więzy unikatowe (BD2C070.PYT_PK)

SQL> -- dobrze
SQL> INSERT INTO pytania VALUES ('TEST1', 2, 'TEST2', 1, NULL);

1 row inserted.

SQL> 
SQL> -- wartości dopuszczalne kolumny czy_opcjonalne: 0, 1
SQL> -- źle
SQL> INSERT INTO pytania VALUES ('TEST1', 3, 'TEST2', -1, NULL);

Error starting at line : 70 in command -
INSERT INTO pytania VALUES ('TEST1', 3, 'TEST2', -1, NULL)
Error report -
ORA-02290: naruszono więzy CHECK (BD2C070.PYT_OPCJN_CHK)

SQL> -- dobrze
SQL> INSERT INTO pytania VALUES ('TEST1', 4, 'TEST2', 0, NULL);

1 row inserted.

SQL> -- dobrze
SQL> INSERT INTO pytania VALUES ('TEST1', 5, 'TEST2', 1, NULL);

1 row inserted.

SQL> -- źle
SQL> INSERT INTO pytania VALUES ('TEST1', 6, 'TEST2', 2, NULL);

Error starting at line : 76 in command -
INSERT INTO pytania VALUES ('TEST1', 6, 'TEST2', 2, NULL)
Error report -
ORA-02290: naruszono więzy CHECK (BD2C070.PYT_OPCJN_CHK)

SQL> 
SQL> /******************
SQL> * TABELA ANKIETY *
SQL> ******************/
SQL> -- unikalność kolumny id_ankiety (klucz główny)
SQL> INSERT INTO ankiety VALUES (2000, 'TEST1', 2000, TO_DATE('01.01.2022', 'DD.MM.YYYY'), NULL, NULL);

1 row inserted.

SQL> INSERT INTO ankiety VALUES (2000, 'TEST1', 2000, TO_DATE('01.01.2022', 'DD.MM.YYYY'), NULL, NULL);

Error starting at line : 83 in command -
INSERT INTO ankiety VALUES (2000, 'TEST1', 2000, TO_DATE('01.01.2022', 'DD.MM.YYYY'), NULL, NULL)
Error report -
ORA-00001: naruszono więzy unikatowe (BD2C070.ANK_PK)

SQL> 
SQL> /*********************
SQL> * TABELA ODPOWIEDZI *
SQL> *********************/
SQL> -- wartości dopuszczalne kolumny ocena: 0, 50, 100
SQL> -- (wartość nieokreślona dla pytań opcjonalnych przetestowana w sekcji WYZWALACZE)
SQL> -- źle
SQL> UPDATE odpowiedzi SET ocena = -1 WHERE id_ankiety = 2000 AND nr_pytania = 1;

Error starting at line : 91 in command -
UPDATE odpowiedzi SET ocena = -1 WHERE id_ankiety = 2000 AND nr_pytania = 1
Error report -
ORA-02290: naruszono więzy CHECK (BD2C070.ODP_OCENA_CHK)

SQL> -- dobrze
SQL> UPDATE odpowiedzi SET ocena = 0 WHERE id_ankiety = 2000 AND nr_pytania = 1;

1 row updated.

SQL> -- źle
SQL> UPDATE odpowiedzi SET ocena = 1 WHERE id_ankiety = 2000 AND nr_pytania = 1;

Error starting at line : 95 in command -
UPDATE odpowiedzi SET ocena = 1 WHERE id_ankiety = 2000 AND nr_pytania = 1
Error report -
ORA-02290: naruszono więzy CHECK (BD2C070.ODP_OCENA_CHK)

SQL> -- źle
SQL> UPDATE odpowiedzi SET ocena = 49 WHERE id_ankiety = 2000 AND nr_pytania = 1;

Error starting at line : 97 in command -
UPDATE odpowiedzi SET ocena = 49 WHERE id_ankiety = 2000 AND nr_pytania = 1
Error report -
ORA-02290: naruszono więzy CHECK (BD2C070.ODP_OCENA_CHK)

SQL> -- dobrze
SQL> UPDATE odpowiedzi SET ocena = 50 WHERE id_ankiety = 2000 AND nr_pytania = 1;

1 row updated.

SQL> -- źle
SQL> UPDATE odpowiedzi SET ocena = 51 WHERE id_ankiety = 2000 AND nr_pytania = 1;

Error starting at line : 101 in command -
UPDATE odpowiedzi SET ocena = 51 WHERE id_ankiety = 2000 AND nr_pytania = 1
Error report -
ORA-02290: naruszono więzy CHECK (BD2C070.ODP_OCENA_CHK)

SQL> -- źle
SQL> UPDATE odpowiedzi SET ocena = 99 WHERE id_ankiety = 2000 AND nr_pytania = 1;

Error starting at line : 103 in command -
UPDATE odpowiedzi SET ocena = 99 WHERE id_ankiety = 2000 AND nr_pytania = 1
Error report -
ORA-02290: naruszono więzy CHECK (BD2C070.ODP_OCENA_CHK)

SQL> -- dobrze
SQL> UPDATE odpowiedzi SET ocena = 100 WHERE id_ankiety = 2000 AND nr_pytania = 1;

1 row updated.

SQL> -- źle
SQL> UPDATE odpowiedzi SET ocena = 101 WHERE id_ankiety = 2000 AND nr_pytania = 1;

Error starting at line : 107 in command -
UPDATE odpowiedzi SET ocena = 101 WHERE id_ankiety = 2000 AND nr_pytania = 1
Error report -
ORA-02290: naruszono więzy CHECK (BD2C070.ODP_OCENA_CHK)

SQL> 
SQL> /**************
SQL> * WYZWALACZE *
SQL> **************/
SQL> -- nietransferowalność związku typy_ankiet - pytania
SQL> -- dobrze (brak zmiany)
SQL> UPDATE pytania SET kod_typu_ankiety = 'TEST1'
  2  WHERE kod_typu_ankiety = 'TEST1' AND nr_pytania = 1;

1 row updated.

SQL> -- źle
SQL> UPDATE pytania SET kod_typu_ankiety = 'SAT-V01'
  2  WHERE kod_typu_ankiety = 'TEST1' AND nr_pytania = 1;

Error starting at line : 117 in command -
UPDATE pytania SET kod_typu_ankiety = 'SAT-V01'
WHERE kod_typu_ankiety = 'TEST1' AND nr_pytania = 1
Error report -
ORA-20225: Non Transferable FK constraint PYT_TANK_FK on table Pytania is violated
ORA-06512: przy "BD2C070.FKNTM_PYTANIA", linia 2
ORA-04088: błąd w trakcie wykonywania wyzwalacza 'BD2C070.FKNTM_PYTANIA'

SQL> 
SQL> -- nietransferowalność związku ankiety - agenci
SQL> -- dobrze (brak zmiany)
SQL> UPDATE ankiety SET id_agenta = 2000 WHERE id_ankiety = 2000;

1 row updated.

SQL> -- źle
SQL> UPDATE ankiety SET id_agenta = 1006 WHERE id_ankiety = 2000;

Error starting at line : 124 in command -
UPDATE ankiety SET id_agenta = 1006 WHERE id_ankiety = 2000
Error report -
ORA-20225: Non Transferable FK constraint ANK_AGT_FK or ANK_TANK_FK on table Ankiety is violated
ORA-06512: przy "BD2C070.FKNTM_ANKIETY", linia 2
ORA-04088: błąd w trakcie wykonywania wyzwalacza 'BD2C070.FKNTM_ANKIETY'

SQL> 
SQL> -- nietransferowalność związku ankiety - klienci
SQL> -- dobrze (zmiana z NULL)
SQL> UPDATE ankiety SET id_klienta = 2000 WHERE id_ankiety = 2000;

1 row updated.

SQL> -- dobrze (brak zmiany)
SQL> UPDATE ankiety SET id_klienta = 2000 WHERE id_ankiety = 2000;

1 row updated.

SQL> -- źle
SQL> UPDATE ankiety SET id_klienta = 1001 WHERE id_ankiety = 2000;

Error starting at line : 132 in command -
UPDATE ankiety SET id_klienta = 1001 WHERE id_ankiety = 2000
Error report -
ORA-20225: Non Transferable FK constraint ANK_KLI_FK on table Ankiety is violated
ORA-06512: przy "BD2C070.FKNTO_ANKIETY", linia 3
ORA-04088: błąd w trakcie wykonywania wyzwalacza 'BD2C070.FKNTO_ANKIETY'

SQL> 
SQL> -- nietransferowalność związku ankiety - typy_ankiet
SQL> -- dobrze (brak zmiany)
SQL> UPDATE ankiety SET kod_typu_ankiety = 'TEST1' WHERE id_ankiety = 2000;

1 row updated.

SQL> -- źle
SQL> UPDATE ankiety SET kod_typu_ankiety = 'SAT-V01' WHERE id_ankiety = 2000;

Error starting at line : 138 in command -
UPDATE ankiety SET kod_typu_ankiety = 'SAT-V01' WHERE id_ankiety = 2000
Error report -
ORA-20225: Non Transferable FK constraint ANK_AGT_FK or ANK_TANK_FK on table Ankiety is violated
ORA-06512: przy "BD2C070.FKNTM_ANKIETY", linia 2
ORA-04088: błąd w trakcie wykonywania wyzwalacza 'BD2C070.FKNTM_ANKIETY'

SQL> 
SQL> -- nietransferowalność związku odpowiedzi - ankiety
SQL> -- dobrze (brak zmiany)
SQL> UPDATE odpowiedzi SET id_ankiety = 2000 WHERE id_ankiety = 2000;

4 rows updated.

SQL> -- źle (nietransferowalność + unikalność)
SQL> UPDATE odpowiedzi SET id_ankiety = 1001 WHERE id_ankiety = 2000;

Error starting at line : 144 in command -
UPDATE odpowiedzi SET id_ankiety = 1001 WHERE id_ankiety = 2000
Error report -
ORA-20225: Non Transferable FK constraint ODP_ANK_FK or ODP_PYT_FK on table Odpowiedzi is violated
ORA-06512: przy "BD2C070.FKNTM_ODPOWIEDZI", linia 2
ORA-04088: błąd w trakcie wykonywania wyzwalacza 'BD2C070.FKNTM_ODPOWIEDZI'

SQL> 
SQL> -- nietransferowalność związku odpowiedzi - pytania
SQL> -- dobrze (brak zmiany)
SQL> UPDATE odpowiedzi SET kod_typu_ankiety = 'TEST1', nr_pytania = 1
  2  WHERE id_ankiety = 2000 AND kod_typu_ankiety = 'TEST1' AND nr_pytania = 1;

1 row updated.

SQL> -- źle
SQL> UPDATE odpowiedzi SET kod_typu_ankiety = 'SAT-V01', nr_pytania = 1
  2  WHERE id_ankiety = 2000 AND kod_typu_ankiety = 'TEST1' AND nr_pytania = 1;

Error starting at line : 151 in command -
UPDATE odpowiedzi SET kod_typu_ankiety = 'SAT-V01', nr_pytania = 1
WHERE id_ankiety = 2000 AND kod_typu_ankiety = 'TEST1' AND nr_pytania = 1
Error report -
ORA-20225: Non Transferable FK constraint ODP_ANK_FK or ODP_PYT_FK on table Odpowiedzi is violated
ORA-06512: przy "BD2C070.FKNTM_ODPOWIEDZI", linia 2
ORA-04088: błąd w trakcie wykonywania wyzwalacza 'BD2C070.FKNTM_ODPOWIEDZI'

SQL> -- źle
SQL> UPDATE odpowiedzi SET kod_typu_ankiety = 'SAT-V01', nr_pytania = 2
  2  WHERE id_ankiety = 2000 AND kod_typu_ankiety = 'TEST1' AND nr_pytania = 1;

Error starting at line : 154 in command -
UPDATE odpowiedzi SET kod_typu_ankiety = 'SAT-V01', nr_pytania = 2
WHERE id_ankiety = 2000 AND kod_typu_ankiety = 'TEST1' AND nr_pytania = 1
Error report -
ORA-20225: Non Transferable FK constraint ODP_ANK_FK or ODP_PYT_FK on table Odpowiedzi is violated
ORA-06512: przy "BD2C070.FKNTM_ODPOWIEDZI", linia 2
ORA-04088: błąd w trakcie wykonywania wyzwalacza 'BD2C070.FKNTM_ODPOWIEDZI'

SQL> 
SQL> -- wyzwalacz SG_ANK_WSTAW_ODPOWIEDZI wstawia odpowiedzi na wszystkie pytania do ankiety
SQL> INSERT INTO ankiety VALUES (2001, 'SAT-V02', 1006, TO_DATE('09.06.2022', 'DD.MM.YYYY'), 1003, NULL);

1 row inserted.

SQL> SELECT * FROM odpowiedzi WHERE id_ankiety = 2001;

KOD_TYPU NR_PYTANIA ID_ANKIETY      OCENA
-------- ---------- ---------- ----------
SAT-V02           1       2001          0
SAT-V02           2       2001          0
SAT-V02           3       2001          0
SAT-V02           4       2001          0
SAT-V02           5       2001           
SAT-V02           6       2001           

6 rows selected. 

SQL> 
SQL> -- wyzwalacz SG_PYT_NIE_WSTAWIAJ_GDY_TANK_W_UZYCIU nie pozwala dodawać
SQL> -- pytań do wykorzystywanych już typów ankiet.
SQL> INSERT INTO pytania VALUES ('SAT-V01', 20, 'TEST', 0, NULL);

Error starting at line : 163 in command -
INSERT INTO pytania VALUES ('SAT-V01', 20, 'TEST', 0, NULL)
Error report -
ORA-20001: Nie można dodawać pytań do typu ankiety, który jest już w użyciu. Dodaj nowy typ ankiety.
ORA-06512: przy "BD2C070.SG_ODP_NIE_USUWAJ_GDY_ANK_ISTNIEJE", linia 14
ORA-04088: błąd w trakcie wykonywania wyzwalacza 'BD2C070.SG_ODP_NIE_USUWAJ_GDY_ANK_ISTNIEJE'

SQL> -- ... ale do niewykorzystywanych już tak
SQL> INSERT INTO typy_ankiet VALUES ('SAT-V03', 'TEST', NULL);

1 row inserted.

SQL> INSERT INTO pytania VALUES ('SAT-V03', 20, 'TEST', 0, NULL);

1 row inserted.

SQL> 
SQL> -- wyzwalacz SG_ODP_NIE_USUWAJ_GDY_ANK_ISTNIEJE nie pozwala usuwać
SQL> -- pojedynczych odpowiedzi bez usunięcia całej ankiety
SQL> -- (przypadek usuwania całej ankiety w sekcji ON DELETE CASCADE)
SQL> DELETE odpowiedzi WHERE id_ankiety = 2001;

Error starting at line : 171 in command -
DELETE odpowiedzi WHERE id_ankiety = 2001
Error report -
ORA-20000: Nie można usunąć pojedynczych odpowiedzi. Aby usunąć odpowiedzi należy usunąć całą ankietę
ORA-06512: przy "BD2C070.SG_PYT_NIE_WSTAWIAJ_GDY_TANK_W_UZYCIU", linia 51
ORA-04088: błąd w trakcie wykonywania wyzwalacza 'BD2C070.SG_PYT_NIE_WSTAWIAJ_GDY_TANK_W_UZYCIU'

SQL> 
SQL> -- wyzwalacz SG_ODP_OCENA_NIE_NULL_DLA_OBOWIAZKOWYCH nie pozwala ustawić
SQL> -- wartości nieokreślonej dla odpowiedzi na pytania obowiązkowe
SQL> UPDATE odpowiedzi SET ocena = NULL WHERE id_ankiety = 2001 AND nr_pytania = 1;

Error starting at line : 175 in command -
UPDATE odpowiedzi SET ocena = NULL WHERE id_ankiety = 2001 AND nr_pytania = 1
Error report -
ORA-20002: Ocena musi mieć wartość określoną dla pytań obowiązkowych
ORA-06512: przy "BD2C070.SG_ODP_OCENA_NIE_NULL_DLA_OBOWIAZKOWYCH", linia 14
ORA-04088: błąd w trakcie wykonywania wyzwalacza 'BD2C070.SG_ODP_OCENA_NIE_NULL_DLA_OBOWIAZKOWYCH'

SQL> -- ... ale dla odpowiedzi na pytania opcjonalne już tak
SQL> UPDATE odpowiedzi SET ocena = NULL WHERE id_ankiety = 2001 AND nr_pytania = 5;

1 row updated.

SQL> 
SQL> /****************************
SQL> * REGUŁY ON DELETE CASCADE *
SQL> ****************************/
SQL> -- reguła ON DELETE CASCADE na związku ankiety - odpowiedzi powinna usunąć
SQL> -- wszystkie odpowiedzi przy usunięciu ankiety
SQL> SELECT COUNT(*) FROM odpowiedzi WHERE id_ankiety = 2001;

  COUNT(*)
----------
         6

SQL> DELETE ankiety WHERE id_ankiety = 2001;

1 row deleted.

SQL> SELECT COUNT(*) FROM odpowiedzi WHERE id_ankiety = 2001;

  COUNT(*)
----------
         0

SQL> 
SQL> -- reguła ON DELETE CASCADE na związku pytania - typy_ankiet powinna usunąć
SQL> -- wszystkie pytania przy usunięciu typu ankiety
SQL> SELECT COUNT(*) FROM pytania WHERE kod_typu_ankiety = 'SAT-V03';

  COUNT(*)
----------
         1

SQL> DELETE typy_ankiet WHERE kod_typu_ankiety = 'SAT-V03';

1 row deleted.

SQL> SELECT COUNT(*) FROM pytania WHERE kod_typu_ankiety = 'SAT-V03';

  COUNT(*)
----------
         0

SQL> 
SQL> /********************************
SQL> * GENERATORY KLUCZY SZTUCZNYCH *
SQL> ********************************/
SQL> -- test generatora kluczy sztucznych dla tabeli ankiety
SQL> DELETE FROM ankiety WHERE 1 = 1;

13 rows deleted.

SQL> INSERT INTO ankiety VALUES (NULL, 'SAT-V02', 1006, TO_DATE('09.06.2022', 'DD.MM.YYYY'), NULL, NULL);

1 row inserted.

SQL> INSERT INTO ankiety VALUES (NULL, 'SAT-V02', 1006, TO_DATE('09.06.2022', 'DD.MM.YYYY'), NULL, NULL);

1 row inserted.

SQL> SELECT * FROM ankiety;

ID_ANKIETY KOD_TYPU  ID_AGENTA DATA_WYP ID_KLIENTA
---------- -------- ---------- -------- ----------
UWAGI                                                                                                                                                                                                                                                                                                       
------------------------------------------------------------------------------------------------------------------------------------------------------------------------------------------------------------------------------------------------------------------------------------------------------------
         1 SAT-V02        1006 22/06/09            
                                                                                                                                                                                                                                                                                                            

         2 SAT-V02        1006 22/06/09            
                                                                                                                                                                                                                                                                                                            


SQL> 
SQL> -- test generatora kluczy sztucznych dla tabeli osoby
SQL> DELETE FROM ankiety WHERE 1 = 1;

2 rows deleted.

SQL> DELETE FROM osoby WHERE 1 = 1;

11 rows deleted.

SQL> INSERT INTO osoby (email, nazwisko, imie, imie_2, telefon, nr_karty_stalego_klienta)
  2      VALUES ('jkowalski@mail.com', 'Kowalski', 'Jan', NULL, '111111111', '1111111111111');

1 row inserted.

SQL> INSERT INTO osoby (email, nazwisko, imie, imie_2, telefon, nr_karty_stalego_klienta)
  2      VALUES ('kmsciungwa@mail.com', 'Mściungwa', 'Kamil', NULL, '222222222', '2222222222222');

1 row inserted.

SQL> SELECT * FROM osoby;

  ID_OSOBY EMAIL                                    NAZWISKO                       IMIE                 IMIE_2               PESEL       TELEFON         NR_KARTY_STAL DATA_URODZENIA              PANSTWO              MIASTO                         KOD_POCZTO ULICA
---------- ---------------------------------------- ------------------------------ -------------------- -------------------- ----------- --------------- ------------- --------------------------- -------------------- ------------------------------ ---------- ----------------------------------------
NR_DO NR_MI
----- -----
UWAGI                                                                                                                                                                                                                                                                                                       
------------------------------------------------------------------------------------------------------------------------------------------------------------------------------------------------------------------------------------------------------------------------------------------------------------
         1 jkowalski@mail.com                       Kowalski                       Jan                                                   111111111       1111111111111                                                                                                                                     
            
                                                                                                                                                                                                                                                                                                            

         2 kmsciungwa@mail.com                      Mściungwa                      Kamil                                                 222222222       2222222222222                                                                                                                                     
            
                                                                                                                                                                                                                                                                                                            


SQL> 
SQL> spool off;
